===== Fri Aug 14 09:43:57 CST 2026 ENV =====
Fri Aug 14 09:43:57 2026
+------------------------------------------------------------------------------+
| BR-SMI 1.11.0          Driver Version: 1.11.0          SUPA Version: 1.11    |
+----------------------------+-----------------------+-------------------------+
|   GPU                 Name |                Bus-Id |    Volatile Uncorr. ECC |
|  Temp  Perf  Pwr:Usage/Cap |          Memory-Usage |    GPU-Util  Compute M. |
|              Persistence-M |                       |                  SVI M. |
+============================+=======================+=========================+
|     0            Biren106B |      00000000:90:00.0 |                       0 |
|    30    P0     35W / 300W |       0MiB / 32512MiB |          0%     Default |
|                        Off |                       |                Disabled |
+----------------------------+-----------------------+-------------------------+
+------------------------------------------------------------------------------+
| Processes:                                                                   |
| GPU   SVI Dev        PID   Process Name                     GPU Memory Usage |
+==============================================================================+
|  No running process found.                                                   |
+------------------------------------------------------------------------------+
===== BUILD =====
built spectral_conv_ext.cpython-310-x86_64-linux-gnu.so (with suFFT)
===== ACCURACY =====
{'torch': '2.9.0+cu128', 'supa_empty_ok': 'supa:0', 'cwd': '/workspace/ai4s-f/submission/spectral_conv'}
{'case': 'tiny_8x8', 'shape': 'B2_Cin2_Cout3_8x8', 'modes': '2x2', 'max_abs': 2.9802322387695312e-08, 'max_rel': 4.67537856728397e-08, 'threshold': 0.0001, 'ok': True}
{'case': 'small_32x32', 'shape': 'B2_Cin4_Cout4_32x32', 'modes': '8x8', 'max_abs': 5.960464477539063e-08, 'max_rel': 1.1374232639616424e-07, 'threshold': 0.0001, 'ok': True}
{'case': 'target_64x64', 'shape': 'B2_Cin4_Cout4_64x64', 'modes': '12x12', 'max_abs': 8.195638656616211e-08, 'max_rel': 2.1701555345060285e-07, 'threshold': 0.0001, 'ok': True}
{'summary': '/workspace/ai4s-f/submission/results/summary.json', 'run_log': '/workspace/ai4s-f/submission/results/run_logs/spectral_accuracy_2026-08-14.md', 'worst_rel': 2.1701555345060285e-07, 'ok': True}
{'task': 'spectral_conv_accuracy', 'ok': True}
===== PERF =====
{'torch': '2.9.0+cu128', 'device': 'supa', 'task': 'spectral_conv_perf'}

--- 性能测试（自研 SUPA Extension）---
分辨率 64x64: 前向 3.797ms, 显存 225.3MB
分辨率 128x128: 前向 8.037ms, 显存 253.3MB
分辨率 256x256: 前向 29.295ms, 显存 353.3MB
{'summary': '/workspace/ai4s-f/submission/results/summary.json', 'run_log': '/workspace/ai4s-f/submission/results/run_logs/spectral_perf_2026-08-14.md'}
{'task': 'spectral_conv_perf', 'ok': True}
===== FNO REEVAL =====
data_source file:navier_stokes_v1e-3_N1200_T20.pt
promoted_tag spec_ref_r2
meta_l2 0.035011906176805496
clean_l2 0.035011906176805496
beat_v9 True
===== DONE Fri Aug 14 09:44:46 CST 2026 =====
