[2026-07-28T17:21:03Z] nightly_opt_runner start wait_pid=0 hours=10.0
[2026-07-28T17:21:03Z] === tick 1 ===
[2026-07-28T17:21:03Z] === post-train pipeline ===
[2026-07-28T17:21:03Z] load1=0.30 ncpu=10 formal_bench_ok=True
[2026-07-28T17:21:03Z] promote: {'promoted_at': '2026-07-28T17:21:03Z', 'official_best': '/workspace/ai4s-f/submission/fno_ns/checkpoints/fno_ns_official_best.pt', 'best_l2_from_log': 0.005488, 'action': 'promoted_demo_from_official_best'}
[2026-07-28T17:21:03Z] $ bash -c <opt>  (cwd=/workspace/ai4s-f/submission/spectral_conv)
[2026-07-28T17:21:09Z] $ bash -c <opt>  (cwd=/workspace/ai4s-f/submission/spectral_conv)
[2026-07-28T17:21:23Z] $ bash -c <opt>  (cwd=/workspace/ai4s-f/submission/fno_ns)
[2026-07-28T17:21:39Z] measure[post_train_baseline] acc_ok=True worst=2.1701555345060285e-07 ms={'64': 5.327, '128': 13.729, '256': 52.516} gps=None
[2026-07-28T17:21:39Z] summary.json spectral perf updated
[2026-07-28T17:21:39Z] load1=0.69 ncpu=10 formal_bench_ok=True
[2026-07-28T17:21:39Z] running experiment: dual_scatter
[2026-07-28T17:21:39Z] $ bash -c <opt>  (cwd=/workspace/ai4s-f/submission/spectral_conv)
[2026-07-28T17:21:45Z] $ bash -c <opt>  (cwd=/workspace/ai4s-f/submission/spectral_conv)
[2026-07-28T17:22:00Z] $ bash -c <opt>  (cwd=/workspace/ai4s-f/submission/fno_ns)
[2026-07-28T17:22:15Z] measure[dual_scatter_on] acc_ok=True worst=2.1701555345060285e-07 ms={'64': 5.341, '128': 13.762, '256': 52.79} gps=None
[2026-07-28T17:22:15Z] sleep 3600s until next tick
[2026-07-28T18:22:15Z] === tick 2 ===
[2026-07-28T18:22:15Z] load1=2.41 ncpu=10 formal_bench_ok=True
[2026-07-28T18:22:15Z] running experiment: rebuild_sanity
[2026-07-28T18:22:15Z] $ bash -c <opt>  (cwd=/workspace/ai4s-f/submission/spectral_conv)
[2026-07-28T18:22:35Z] $ bash -c <opt>  (cwd=/workspace/ai4s-f/submission/spectral_conv)
[2026-07-28T18:22:41Z] $ bash -c <opt>  (cwd=/workspace/ai4s-f/submission/spectral_conv)
[2026-07-28T18:22:56Z] $ bash -c <opt>  (cwd=/workspace/ai4s-f/submission/fno_ns)
[2026-07-28T18:23:12Z] measure[rebuild_sanity] acc_ok=True worst=2.1701555345060285e-07 ms={'64': 5.328, '128': 13.76, '256': 52.609} gps=None
[2026-07-28T18:23:12Z] sleep 3600s until next tick
[2026-07-28T19:23:12Z] === tick 3 ===
[2026-07-28T19:23:12Z] load1=0.19 ncpu=10 formal_bench_ok=True
[2026-07-28T19:23:12Z] $ bash -c <opt>  (cwd=/workspace/ai4s-f/submission/spectral_conv)
[2026-07-28T19:23:18Z] $ bash -c <opt>  (cwd=/workspace/ai4s-f/submission/spectral_conv)
[2026-07-28T19:23:33Z] $ bash -c <opt>  (cwd=/workspace/ai4s-f/submission/fno_ns)
[2026-07-28T19:23:48Z] measure[watchdog_t3] acc_ok=True worst=2.1701555345060285e-07 ms={'64': 5.378, '128': 13.783, '256': 52.83} gps=None
[2026-07-28T19:23:48Z] sleep 3600s until next tick
[2026-07-28T20:23:48Z] === tick 4 ===
[2026-07-28T20:23:48Z] load1=0.26 ncpu=10 formal_bench_ok=True
[2026-07-28T20:23:48Z] $ bash -c <opt>  (cwd=/workspace/ai4s-f/submission/spectral_conv)
[2026-07-28T20:23:54Z] $ bash -c <opt>  (cwd=/workspace/ai4s-f/submission/spectral_conv)
[2026-07-28T20:24:09Z] $ bash -c <opt>  (cwd=/workspace/ai4s-f/submission/fno_ns)
[2026-07-28T20:24:24Z] measure[watchdog_t4] acc_ok=True worst=2.1701555345060285e-07 ms={'64': 5.319, '128': 13.695, '256': 52.548} gps=None
[2026-07-28T20:24:24Z] sleep 3600s until next tick
[2026-07-28T21:24:25Z] === tick 5 ===
[2026-07-28T21:24:25Z] load1=0.30 ncpu=10 formal_bench_ok=True
[2026-07-28T21:24:25Z] $ bash -c <opt>  (cwd=/workspace/ai4s-f/submission/spectral_conv)
[2026-07-28T21:24:31Z] $ bash -c <opt>  (cwd=/workspace/ai4s-f/submission/spectral_conv)
[2026-07-28T21:24:45Z] $ bash -c <opt>  (cwd=/workspace/ai4s-f/submission/fno_ns)
[2026-07-28T21:25:00Z] measure[watchdog_t5] acc_ok=True worst=2.1701555345060285e-07 ms={'64': 5.322, '128': 13.693, '256': 52.491} gps=None
[2026-07-28T21:25:00Z] sleep 3600s until next tick
[2026-07-28T22:25:00Z] === tick 6 ===
[2026-07-28T22:25:00Z] load1=0.36 ncpu=10 formal_bench_ok=True
[2026-07-28T22:25:00Z] $ bash -c <opt>  (cwd=/workspace/ai4s-f/submission/spectral_conv)
[2026-07-28T22:25:07Z] $ bash -c <opt>  (cwd=/workspace/ai4s-f/submission/spectral_conv)
[2026-07-28T22:25:21Z] $ bash -c <opt>  (cwd=/workspace/ai4s-f/submission/fno_ns)
[2026-07-28T22:25:37Z] measure[watchdog_t6] acc_ok=True worst=2.1701555345060285e-07 ms={'64': 5.32, '128': 13.73, '256': 52.602} gps=None
[2026-07-28T22:25:37Z] sleep 3600s until next tick
[2026-07-28T23:25:37Z] === tick 7 ===
[2026-07-28T23:25:37Z] load1=1.52 ncpu=10 formal_bench_ok=True
[2026-07-28T23:25:37Z] $ bash -c <opt>  (cwd=/workspace/ai4s-f/submission/spectral_conv)
[2026-07-28T23:25:43Z] $ bash -c <opt>  (cwd=/workspace/ai4s-f/submission/spectral_conv)
[2026-07-28T23:25:58Z] $ bash -c <opt>  (cwd=/workspace/ai4s-f/submission/fno_ns)
[2026-07-28T23:26:13Z] measure[watchdog_t7] acc_ok=True worst=2.1701555345060285e-07 ms={'64': 5.369, '128': 13.754, '256': 52.727} gps=None
[2026-07-28T23:26:13Z] sleep 3600s until next tick
[2026-07-29T00:26:13Z] === tick 8 ===
[2026-07-29T00:26:13Z] load1=0.38 ncpu=10 formal_bench_ok=True
[2026-07-29T00:26:13Z] $ bash -c <opt>  (cwd=/workspace/ai4s-f/submission/spectral_conv)
[2026-07-29T00:26:20Z] $ bash -c <opt>  (cwd=/workspace/ai4s-f/submission/spectral_conv)
[2026-07-29T00:26:34Z] $ bash -c <opt>  (cwd=/workspace/ai4s-f/submission/fno_ns)
[2026-07-29T00:26:50Z] measure[watchdog_t8] acc_ok=True worst=2.1701555345060285e-07 ms={'64': 5.346, '128': 13.753, '256': 52.629} gps=None
[2026-07-29T00:26:50Z] sleep 3600s until next tick
[2026-07-29T01:26:50Z] === tick 9 ===
[2026-07-29T01:26:50Z] load1=0.48 ncpu=10 formal_bench_ok=True
[2026-07-29T01:26:50Z] $ bash -c <opt>  (cwd=/workspace/ai4s-f/submission/spectral_conv)
[2026-07-29T01:26:56Z] $ bash -c <opt>  (cwd=/workspace/ai4s-f/submission/spectral_conv)
[2026-07-29T01:27:10Z] $ bash -c <opt>  (cwd=/workspace/ai4s-f/submission/fno_ns)
[2026-07-29T01:27:26Z] measure[watchdog_t9] acc_ok=True worst=2.1701555345060285e-07 ms={'64': 5.337, '128': 13.72, '256': 52.594} gps=None
[2026-07-29T01:27:26Z] sleep 3600s until next tick
[2026-07-29T02:27:26Z] === tick 10 ===
[2026-07-29T02:27:26Z] load1=0.51 ncpu=10 formal_bench_ok=True
[2026-07-29T02:27:26Z] $ bash -c <opt>  (cwd=/workspace/ai4s-f/submission/spectral_conv)
[2026-07-29T02:27:33Z] $ bash -c <opt>  (cwd=/workspace/ai4s-f/submission/spectral_conv)
[2026-07-29T02:27:48Z] $ bash -c <opt>  (cwd=/workspace/ai4s-f/submission/fno_ns)
[2026-07-29T02:28:04Z] measure[watchdog_t10] acc_ok=True worst=2.1701555345060285e-07 ms={'64': 5.337, '128': 13.732, '256': 52.602} gps=None
[2026-07-29T02:28:04Z] sleep 3600s until next tick
[2026-07-29T03:28:04Z] === tick 11 ===
[2026-07-29T03:28:04Z] load1=0.65 ncpu=10 formal_bench_ok=True
[2026-07-29T03:28:04Z] $ bash -c <opt>  (cwd=/workspace/ai4s-f/submission/spectral_conv)
[2026-07-29T03:28:10Z] $ bash -c <opt>  (cwd=/workspace/ai4s-f/submission/spectral_conv)
[2026-07-29T03:28:24Z] $ bash -c <opt>  (cwd=/workspace/ai4s-f/submission/fno_ns)
[2026-07-29T03:28:30Z] measure[watchdog_t11] acc_ok=True worst=2.1701555345060285e-07 ms={'64': 5.295, '128': 13.521, '256': 52.389} gps=None
[2026-07-29T03:28:30Z] hours budget exhausted; exit
[2026-07-29T03:28:30Z] nightly_opt_runner done
